// Jest Snapshot v1, https://goo.gl/fbAQLP

exports[`Pruebas en <FirstApp/> debe hacer match cin ek snapshot 1`] = `
<div>
  <h1
    data-testid="test-title"
  >
    este es un titulo
  </h1>
  <p>
    NO HAY SUBTITULO
  </p>
  <p>
    NO HAY SUBTITULO
  </p>
  <p />
</div>
`;
